// Jest Snapshot v1, https://goo.gl/fbAQLP

exports[`card matches the snapshot 1`] = `
ShallowWrapper {
  Symbol(enzyme.__root__): [Circular],
  Symbol(enzyme.__unrendered__): <Card
    data={
        Object {
            "location": "COLORADO",
            "stats": Object {},
          }
    }
    evaluateCompareCard={[Function]}
/>,
  Symbol(enzyme.__renderer__): Object {
    "batchedUpdates": [Function],
    "getNode": [Function],
    "render": [Function],
    "simulateEvent": [Function],
    "unmount": [Function],
  },
  Symbol(enzyme.__node__): Object {
    "instance": null,
    "key": undefined,
    "nodeType": "host",
    "props": Object {
      "children": Array [
        <h5
          className="location"
>
          COLORADO
</h5>,
        <div
          className="stats"
>
          
</div>,
      ],
      "className": "card card-hover",
      "onClick": [Function],
    },
    "ref": null,
    "rendered": Array [
      Object {
        "instance": null,
        "key": undefined,
        "nodeType": "host",
        "props": Object {
          "children": "COLORADO",
          "className": "location",
        },
        "ref": null,
        "rendered": "COLORADO",
        "type": "h5",
      },
      Object {
        "instance": null,
        "key": undefined,
        "nodeType": "host",
        "props": Object {
          "children": Array [],
          "className": "stats",
        },
        "ref": null,
        "rendered": Array [],
        "type": "div",
      },
    ],
    "type": "span",
  },
  Symbol(enzyme.__nodes__): Array [
    Object {
      "instance": null,
      "key": undefined,
      "nodeType": "host",
      "props": Object {
        "children": Array [
          <h5
            className="location"
>
            COLORADO
</h5>,
          <div
            className="stats"
>
            
</div>,
        ],
        "className": "card card-hover",
        "onClick": [Function],
      },
      "ref": null,
      "rendered": Array [
        Object {
          "instance": null,
          "key": undefined,
          "nodeType": "host",
          "props": Object {
            "children": "COLORADO",
            "className": "location",
          },
          "ref": null,
          "rendered": "COLORADO",
          "type": "h5",
        },
        Object {
          "instance": null,
          "key": undefined,
          "nodeType": "host",
          "props": Object {
            "children": Array [],
            "className": "stats",
          },
          "ref": null,
          "rendered": Array [],
          "type": "div",
        },
      ],
      "type": "span",
    },
  ],
  Symbol(enzyme.__options__): Object {
    "adapter": ReactFifteenAdapter {
      "options": Object {
        "lifecycles": Object {
          "componentDidUpdate": Object {
            "prevContext": true,
          },
        },
        "supportPrevContextArgumentOfComponentDidUpdate": true,
      },
    },
    "attachTo": undefined,
    "hydrateIn": undefined,
  },
}
`;
